Microchip MPLAB XC8 Compiler V2.46

Linker command line:

-W-3 \
  --edf=C:\Program Files\Microchip\xc8\v2.46\pic\dat\20240104201356_en.msgs \
  -cn -h+dist/default/production\tundar_RX_CRC8_V02.X.production.sym \
  --cmf=dist/default/production\tundar_RX_CRC8_V02.X.production.cmf -z \
  -Q16F1936 -oC:\Users\t00904\AppData\Local\Temp\xcAsq2g.\driver_tmp_3.o \
  --defsym=__MPLAB_BUILD=1 --fixupoverflow=error \
  -Mdist/default/production/tundar_RX_CRC8_V02.X.production.map \
  --md=C:\Users\t00904\AppData\Local\Temp\xcAsq2g.\driver_tmp_0.dat -E1 \
  -ver=XC8 Compiler --acfsm=1493 -ACODE=00h-07FFhx4 -ASTRCODE=00h-01FFFh \
  -ASTRING=00h-0FFhx32 -ACONST=00h-0FFhx32 -AENTRY=00h-0FFhx32 \
  -ACOMMON=070h-07Fh -ABANK0=020h-06Fh -ABANK1=0A0h-0EFh \
  -ABANK2=0120h-016Fh -ABANK3=01A0h-01EFh -ABANK4=0220h-026Fh \
  -ABANK5=02A0h-02EFh -ABANK6=0320h-032Fh -ABIGRAM=02000h-021EFh \
  -ARAM=020h-06Fh,0A0h-0EFh,0120h-016Fh,01A0h-01EFh,0220h-026Fh,02A0h-02EFh,0320h-032Fh \
  -AABS1=020h-07Fh,0A0h-0EFh,0120h-016Fh,01A0h-01EFh,0220h-026Fh,02A0h-02EFh,0320h-032Fh \
  -ASFR0=00h-01Fh -ASFR1=080h-09Fh -ASFR2=0100h-011Fh -ASFR3=0180h-019Fh \
  -ASFR4=0200h-021Fh -ASFR5=0280h-029Fh -ASFR6=0300h-031Fh \
  -ASFR7=0380h-03EFh -ASFR8=0400h-046Fh -ASFR9=0480h-04EFh \
  -ASFR10=0500h-056Fh -ASFR11=0580h-05EFh -ASFR12=0600h-066Fh \
  -ASFR13=0680h-06EFh -ASFR14=0700h-076Fh -ASFR15=0780h-07EFh \
  -ASFR16=0800h-086Fh -ASFR17=0880h-08EFh -ASFR18=0900h-096Fh \
  -ASFR19=0980h-09EFh -ASFR20=0A00h-0A6Fh -ASFR21=0A80h-0AEFh \
  -ASFR22=0B00h-0B6Fh -ASFR23=0B80h-0BEFh -ASFR24=0C00h-0C6Fh \
  -ASFR25=0C80h-0CEFh -ASFR26=0D00h-0D6Fh -ASFR27=0D80h-0DEFh \
  -ASFR28=0E00h-0E6Fh -ASFR29=0E80h-0EEFh -ASFR30=0F00h-0F6Fh \
  -ASFR31=0F80h-0FEFh -ACONFIG=08007h-08008h -DCONFIG=2 \
  -AIDLOC=08000h-08003h -DIDLOC=2 -AEEDATA=00h-0FFh/0F000h \
  -peeprom_data=EEDATA -DEEDATA=2 -DCODE=2 -DSTRCODE=2 -DSTRING=2 -DCONST=2 \
  -DENTRY=2 -preset_vec=00h,intentry=04h,sivt,init,end_init -ppowerup=CODE \
  -pcinit=CODE -pfunctab=ENTRY -k \
  C:\Users\t00904\AppData\Local\Temp\xcAsq2g.\driver_tmp_15.o \
  dist/default/production\tundar_RX_CRC8_V02.X.production.o 

Object code version is 3.11

Machine type is 16F1936



                Name                               Link     Load   Length Selector   Space Scale
C:\Users\t00904\AppData\Local\Temp\xcAsq2g.\driver_tmp_15.o
                end_init                             26       26        2        8       0
                reset_vec                             0        0        2        0       0
                config                             8007     8007        2        0       4
dist/default/production\tundar_RX_CRC8_V02.X.production.o
                cinit                                28       28        D        8       0
                intentry                              4        4       22        8       0
                config                             8007     8007        2        0       4
                text20                              135      135       87      26A       0
                text19                              33F      33F        F      26A       0
                text18                              31D      31D       13      26A       0
                text17                              38E      38E        1      26A       0
                text16                              35B      35B        D      26A       0
                text15                              2DE      2DE       18      26A       0
                text13                              330      330        F      26A       0
                text12                              210      210       54      26A       0
                text11                              1BC      1BC       54      26A       0
                text10                              374      374        A      26A       0
                text9                               368      368        C      26A       0
                text8                               2C4      2C4       1A      26A       0
                text7                               384      384        6      26A       0
                text6                               2F6      2F6       14      26A       0
                text5                               34E      34E        D      26A       0
                text4                               38A      38A        4      26A       0
                text3                               30A      30A       13      26A       0
                text2                               286      286       22      26A       0
                text1                               264      264       22      26A       0
                maintext                            2A8      2A8       1C      26A       0
                cstackBANK0                          41       41        5       20       1
                cstackCOMMON                         70       70        D       70       1
                clrtext                             37E      37E        6      26A       0
                bssBANK0                             20       20       21       20       1
                bssCOMMON                            7D       7D        1       70       1
                stringtext1                          35       35      100       6A       0

TOTAL           Name                               Link     Load   Length     Space
        CLASS   CODE           
                end_init                             26       26        2         0
                cinit                                28       28        D         0
                intentry                              4        4       22         0
                reset_vec                             0        0        2         0
                text20                              135      135       87         0
                text19                              33F      33F        F         0
                text18                              31D      31D       13         0
                text17                              38E      38E        1         0
                text16                              35B      35B        D         0
                text15                              2DE      2DE       18         0
                text13                              330      330        F         0
                text12                              210      210       54         0
                text11                              1BC      1BC       54         0
                text10                              374      374        A         0
                text9                               368      368        C         0
                text8                               2C4      2C4       1A         0
                text7                               384      384        6         0
                text6                               2F6      2F6       14         0
                text5                               34E      34E        D         0
                text4                               38A      38A        4         0
                text3                               30A      30A       13         0
                text2                               286      286       22         0
                text1                               264      264       22         0
                maintext                            2A8      2A8       1C         0
                clrtext                             37E      37E        6         0

        CLASS   STRCODE        
                stringtext1                          35       35      100         0

        CLASS   STRING         

        CLASS   CONST          

        CLASS   ENTRY          

        CLASS   COMMON         
                cstackCOMMON                         70       70        D         1
                bssCOMMON                            7D       7D        1         1

        CLASS   BANK0          
                cstackBANK0                          41       41        5         1
                bssBANK0                             20       20       21         1

        CLASS   BANK1          

        CLASS   BANK2          

        CLASS   BANK3          

        CLASS   BANK4          

        CLASS   BANK5          

        CLASS   BANK6          

        CLASS   BIGRAM         

        CLASS   RAM            

        CLASS   ABS1           
                abs_s1                               7E       7E        2         1

        CLASS   SFR0           

        CLASS   SFR1           

        CLASS   SFR2           

        CLASS   SFR3           

        CLASS   SFR4           

        CLASS   SFR5           

        CLASS   SFR6           

        CLASS   SFR7           

        CLASS   SFR8           

        CLASS   SFR9           

        CLASS   SFR10          

        CLASS   SFR11          

        CLASS   SFR12          

        CLASS   SFR13          

        CLASS   SFR14          

        CLASS   SFR15          

        CLASS   SFR16          

        CLASS   SFR17          

        CLASS   SFR18          

        CLASS   SFR19          

        CLASS   SFR20          

        CLASS   SFR21          

        CLASS   SFR22          

        CLASS   SFR23          

        CLASS   SFR24          

        CLASS   SFR25          

        CLASS   SFR26          

        CLASS   SFR27          

        CLASS   SFR28          

        CLASS   SFR29          

        CLASS   SFR30          

        CLASS   SFR31          

        CLASS   CONFIG         
                config                             8007     8007        2         4

        CLASS   IDLOC          

        CLASS   EEDATA         

        CLASS   BANK31         

        CLASS   BANK30         

        CLASS   BANK29         

        CLASS   BANK28         

        CLASS   BANK27         

        CLASS   BANK26         

        CLASS   BANK25         

        CLASS   BANK24         

        CLASS   BANK23         

        CLASS   BANK22         

        CLASS   BANK21         

        CLASS   BANK20         

        CLASS   BANK19         

        CLASS   BANK18         

        CLASS   BANK17         

        CLASS   BANK16         

        CLASS   BANK15         

        CLASS   BANK14         

        CLASS   BANK13         

        CLASS   BANK12         

        CLASS   BANK11         

        CLASS   BANK10         

        CLASS   BANK9          

        CLASS   BANK8          

        CLASS   BANK7          

        CLASS   HEAP           

        CLASS   STACK          



SEGMENTS        Name                           Load    Length   Top    Selector   Space  Class     Delta

                reset_vec                      000000  000002  000002         0       0  CODE        2
                intentry                       000004  000031  000035         8       0  CODE        2
                bssBANK0                       000020  000026  000046        20       1  BANK0       1
                stringtext1                    000035  000100  000135        6A       0  STRCODE     2
                cstackCOMMON                   000070  00000E  00007E        70       1  COMMON      1
                text20                         000135  00025A  00038F       26A       0  CODE        2


UNUSED ADDRESS RANGES

        Name                Unused          Largest block    Delta
        BANK0            00046-0006F              2A           1
        BANK1            000A0-000EF              50           1
        BANK2            00120-0016F              50           1
        BANK3            001A0-001EF              50           1
        BANK4            00220-0026F              50           1
        BANK5            002A0-002EF              50           1
        BANK6            00320-0032F              10           1
        BIGRAM           02000-021EF             1F0           1
        CODE             00002-00003               2           2
                         0038F-01FFF             800
        CONST            00002-00003               2           2
                         0038F-01FFF             100
        EEDATA           0F000-0F0FF             100           2
        ENTRY            00002-00003               2           2
                         0038F-01FFF             100
        IDLOC            08000-08003               4           2
        RAM              00046-0006F              2A           1
                         000A0-000EF              50
                         00120-0016F              50
                         001A0-001EF              50
                         00220-0026F              50
                         002A0-002EF              50
                         00320-0032F              10
        SFR0             00000-0001F              20           1
        SFR1             00080-0009F              20           1
        SFR10            00500-0056F              70           1
        SFR11            00580-005EF              70           1
        SFR12            00600-0066F              70           1
        SFR13            00680-006EF              70           1
        SFR14            00700-0076F              70           1
        SFR15            00780-007EF              70           1
        SFR16            00800-0086F              70           1
        SFR17            00880-008EF              70           1
        SFR18            00900-0096F              70           1
        SFR19            00980-009EF              70           1
        SFR2             00100-0011F              20           1
        SFR20            00A00-00A6F              70           1
        SFR21            00A80-00AEF              70           1
        SFR22            00B00-00B6F              70           1
        SFR23            00B80-00BEF              70           1
        SFR24            00C00-00C6F              70           1
        SFR25            00C80-00CEF              70           1
        SFR26            00D00-00D6F              70           1
        SFR27            00D80-00DEF              70           1
        SFR28            00E00-00E6F              70           1
        SFR29            00E80-00EEF              70           1
        SFR3             00180-0019F              20           1
        SFR30            00F00-00F6F              70           1
        SFR31            00F80-00FEF              70           1
        SFR4             00200-0021F              20           1
        SFR5             00280-0029F              20           1
        SFR6             00300-0031F              20           1
        SFR7             00380-003EF              70           1
        SFR8             00400-0046F              70           1
        SFR9             00480-004EF              70           1
        STRCODE          00002-00003               2           2
                         0038F-01FFF            1C71
        STRING           00002-00003               2           2
                         0038F-01FFF             100

                                  Symbol Table

ECCP3_CallBack@bit_index                  bssBANK0     0002B
ECCP3_CallBack@capturedValue              cstackCOMMON 00070
ECCP3_CallBack@data_bit                   cstackCOMMON 00078
ECCP3_CallBack@fEdge_falling_get          bssBANK0     0002A
ECCP3_CallBack@last_capture               bssBANK0     00020
ECCP3_CallBack@now                        cstackCOMMON 00079
ECCP3_CallBack@pluse_width_LO             cstackCOMMON 00074
ECCP3_CallBack@state                      bssBANK0     0002C
ECCP3_CallBack@width                      cstackCOMMON 00076
ECCP3_CaptureISR@module                   cstackCOMMON 0007B
LED_output@i                              cstackBANK0  00042
TMR0_ISR@CountCallBack                    bssBANK0     00024
TMR0_SetInterruptHandler@InterruptHandler cstackBANK0  00041
_ANSELA                                   (abs)        0018C
_ANSELB                                   (abs)        0018D
_APFCON                                   (abs)        0011D
_BORCON                                   (abs)        00116
_CCP3CON                                  (abs)        00313
_CCPR3H                                   (abs)        00312
_CCPR3L                                   (abs)        00311
_CheckSignalFail                          text13       00330
_D2                                       bssBANK0     0002F
_D3                                       bssBANK0     0002E
_ECCP3_CallBack                           text20       00135
_ECCP3_CaptureISR                         text19       0033F
_ECCP3_Initialize                         text10       00374
_INTCONbits                               (abs)        0000B
_INTERRUPT_InterruptManager               intentry     00004
_LATA                                     (abs)        0010C
_LATB                                     (abs)        0010D
_LATBbits                                 (abs)        0010D
_LATC                                     (abs)        0010E
_LATE                                     (abs)        00110
_LED_output                               text12       00210
_OPTION_REG                               (abs)        00095
_OPTION_REGbits                           (abs)        00095
_OSCCON                                   (abs)        00099
_OSCILLATOR_Initialize                    text9        00368
_OSCTUNE                                  (abs)        00098
_PIE3bits                                 (abs)        00093
_PIN_MANAGER_Initialize                   text8        002C4
_PIR1bits                                 (abs)        00011
_PIR3bits                                 (abs)        00013
_PLLR                                     (abs)        004D6
_Receiver_FrameData                       text11       001BC
_SYSTEM_Initialize                        text3        0030A
_T10MS_CNT                                bssBANK0     00022
_T1CON                                    (abs)        00018
_T1GCON                                   (abs)        00019
_TMR0                                     (abs)        00015
_TMR0_CallBack                            text16       0035B
_TMR0_DefaultInterruptHandler             text17       0038E
_TMR0_EvenHandler                         text18       0031D
_TMR0_ISR                                 text15       002DE
_TMR0_Initialize                          text6        002F6
_TMR0_InterruptHandler                    bssBANK0     00026
_TMR0_SetInterruptHandler                 text7        00384
_TMR1H                                    (abs)        00017
_TMR1L                                    (abs)        00016
_TMR1_Initialize                          text5        0034E
_TRISA                                    (abs)        0008C
_TRISB                                    (abs)        0008D
_TRISC                                    (abs)        0008E
_TRISE                                    (abs)        00090
_WDTCON                                   (abs)        00097
_WDT_Initialize                           text4        0038A
_WPUB                                     (abs)        0020D
_WPUE                                     (abs)        00210
__H__absolute__                           __absolute__ 00000
__Habs1                                   abs1         00000
__Hbank0                                  bank0        00000
__Hbank1                                  bank1        00000
__Hbank10                                 bank10       00000
__Hbank11                                 bank11       00000
__Hbank12                                 bank12       00000
__Hbank13                                 bank13       00000
__Hbank14                                 bank14       00000
__Hbank15                                 bank15       00000
__Hbank16                                 bank16       00000
__Hbank17                                 bank17       00000
__Hbank18                                 bank18       00000
__Hbank19                                 bank19       00000
__Hbank2                                  bank2        00000
__Hbank20                                 bank20       00000
__Hbank21                                 bank21       00000
__Hbank22                                 bank22       00000
__Hbank23                                 bank23       00000
__Hbank24                                 bank24       00000
__Hbank25                                 bank25       00000
__Hbank26                                 bank26       00000
__Hbank27                                 bank27       00000
__Hbank28                                 bank28       00000
__Hbank29                                 bank29       00000
__Hbank3                                  bank3        00000
__Hbank30                                 bank30       00000
__Hbank31                                 bank31       00000
__Hbank4                                  bank4        00000
__Hbank5                                  bank5        00000
__Hbank6                                  bank6        00000
__Hbank7                                  bank7        00000
__Hbank8                                  bank8        00000
__Hbank9                                  bank9        00000
__Hbigram                                 bigram       00000
__HbssBANK0                               bssBANK0     00000
__HbssCOMMON                              bssCOMMON    00000
__Hcinit                                  cinit        00035
__Hclrtext                                clrtext      00000
__Hcode                                   code         00000
__Hcommon                                 common       00000
__Hconfig                                 config       08009
__HcstackBANK0                            cstackBANK0  00000
__HcstackCOMMON                           cstackCOMMON 00000
__Heeprom_data                            eeprom_data  00000
__Hend_init                               end_init     00028
__Hfunctab                                functab      00000
__Hheap                                   heap         00000
__Hinit                                   init         00026
__Hintentry                               intentry     00026
__Hmaintext                               maintext     00000
__Hpowerup                                powerup      00000
__Hram                                    ram          00000
__Hreset_vec                              reset_vec    00002
__Hsfr0                                   sfr0         00000
__Hsfr1                                   sfr1         00000
__Hsfr10                                  sfr10        00000
__Hsfr11                                  sfr11        00000
__Hsfr12                                  sfr12        00000
__Hsfr13                                  sfr13        00000
__Hsfr14                                  sfr14        00000
__Hsfr15                                  sfr15        00000
__Hsfr16                                  sfr16        00000
__Hsfr17                                  sfr17        00000
__Hsfr18                                  sfr18        00000
__Hsfr19                                  sfr19        00000
__Hsfr2                                   sfr2         00000
__Hsfr20                                  sfr20        00000
__Hsfr21                                  sfr21        00000
__Hsfr22                                  sfr22        00000
__Hsfr23                                  sfr23        00000
__Hsfr24                                  sfr24        00000
__Hsfr25                                  sfr25        00000
__Hsfr26                                  sfr26        00000
__Hsfr27                                  sfr27        00000
__Hsfr28                                  sfr28        00000
__Hsfr29                                  sfr29        00000
__Hsfr3                                   sfr3         00000
__Hsfr30                                  sfr30        00000
__Hsfr31                                  sfr31        00000
__Hsfr4                                   sfr4         00000
__Hsfr5                                   sfr5         00000
__Hsfr6                                   sfr6         00000
__Hsfr7                                   sfr7         00000
__Hsfr8                                   sfr8         00000
__Hsfr9                                   sfr9         00000
__Hsivt                                   sivt         00026
__Hspace_0                                (abs)        0038F
__Hspace_1                                (abs)        0007E
__Hspace_2                                (abs)        00000
__Hspace_3                                (abs)        00000
__Hspace_4                                (abs)        10010
__Hstack                                  stack        00000
__Hstrings                                strings      00000
__Hstringtext1                            stringtext1  00000
__Htext                                   text         00000
__L__absolute__                           __absolute__ 00000
__Labs1                                   abs1         00000
__Lbank0                                  bank0        00000
__Lbank1                                  bank1        00000
__Lbank10                                 bank10       00000
__Lbank11                                 bank11       00000
__Lbank12                                 bank12       00000
__Lbank13                                 bank13       00000
__Lbank14                                 bank14       00000
__Lbank15                                 bank15       00000
__Lbank16                                 bank16       00000
__Lbank17                                 bank17       00000
__Lbank18                                 bank18       00000
__Lbank19                                 bank19       00000
__Lbank2                                  bank2        00000
__Lbank20                                 bank20       00000
__Lbank21                                 bank21       00000
__Lbank22                                 bank22       00000
__Lbank23                                 bank23       00000
__Lbank24                                 bank24       00000
__Lbank25                                 bank25       00000
__Lbank26                                 bank26       00000
__Lbank27                                 bank27       00000
__Lbank28                                 bank28       00000
__Lbank29                                 bank29       00000
__Lbank3                                  bank3        00000
__Lbank30                                 bank30       00000
__Lbank31                                 bank31       00000
__Lbank4                                  bank4        00000
__Lbank5                                  bank5        00000
__Lbank6                                  bank6        00000
__Lbank7                                  bank7        00000
__Lbank8                                  bank8        00000
__Lbank9                                  bank9        00000
__Lbigram                                 bigram       00000
__LbssBANK0                               bssBANK0     00000
__LbssCOMMON                              bssCOMMON    00000
__Lcinit                                  cinit        00028
__Lclrtext                                clrtext      00000
__Lcode                                   code         00000
__Lcommon                                 common       00000
__Lconfig                                 config       00000
__LcstackBANK0                            cstackBANK0  00000
__LcstackCOMMON                           cstackCOMMON 00000
__Leeprom_data                            eeprom_data  00000
__Lend_init                               end_init     00026
__Lfunctab                                functab      00000
__Lheap                                   heap         00000
__Linit                                   init         00026
__Lintentry                               intentry     00004
__Lmaintext                               maintext     00000
__Lpowerup                                powerup      00000
__Lram                                    ram          00000
__Lreset_vec                              reset_vec    00000
__Lsfr0                                   sfr0         00000
__Lsfr1                                   sfr1         00000
__Lsfr10                                  sfr10        00000
__Lsfr11                                  sfr11        00000
__Lsfr12                                  sfr12        00000
__Lsfr13                                  sfr13        00000
__Lsfr14                                  sfr14        00000
__Lsfr15                                  sfr15        00000
__Lsfr16                                  sfr16        00000
__Lsfr17                                  sfr17        00000
__Lsfr18                                  sfr18        00000
__Lsfr19                                  sfr19        00000
__Lsfr2                                   sfr2         00000
__Lsfr20                                  sfr20        00000
__Lsfr21                                  sfr21        00000
__Lsfr22                                  sfr22        00000
__Lsfr23                                  sfr23        00000
__Lsfr24                                  sfr24        00000
__Lsfr25                                  sfr25        00000
__Lsfr26                                  sfr26        00000
__Lsfr27                                  sfr27        00000
__Lsfr28                                  sfr28        00000
__Lsfr29                                  sfr29        00000
__Lsfr3                                   sfr3         00000
__Lsfr30                                  sfr30        00000
__Lsfr31                                  sfr31        00000
__Lsfr4                                   sfr4         00000
__Lsfr5                                   sfr5         00000
__Lsfr6                                   sfr6         00000
__Lsfr7                                   sfr7         00000
__Lsfr8                                   sfr8         00000
__Lsfr9                                   sfr9         00000
__Lsivt                                   sivt         00026
__Lspace_0                                (abs)        00000
__Lspace_1                                (abs)        00000
__Lspace_2                                (abs)        00000
__Lspace_3                                (abs)        00000
__Lspace_4                                (abs)        00000
__Lstack                                  stack        00000
__Lstrings                                strings      00000
__Lstringtext1                            stringtext1  00000
__Ltext                                   text         00000
__S0                                      (abs)        0038F
__S1                                      (abs)        0007E
__S3                                      (abs)        00000
___heap_hi                                (abs)        00000
___heap_lo                                (abs)        00000
___int_sp                                 stack        00000
___int_stack_hi                           stack        00000
___int_stack_lo                           stack        00000
___latbits                                (abs)        00002
___sp                                     stack        00000
___stack_hi                               stack        00000
___stack_lo                               stack        00000
___stackhi                                (abs)        00000
___stacklo                                (abs)        00000
__end_of_CheckSignalFail                  text13       0033F
__end_of_ECCP3_CallBack                   text20       001BC
__end_of_ECCP3_CaptureISR                 text19       0034E
__end_of_ECCP3_Initialize                 text10       0037E
__end_of_INTERRUPT_InterruptManager       intentry     00026
__end_of_LED_output                       text12       00264
__end_of_OSCILLATOR_Initialize            text9        00374
__end_of_PIN_MANAGER_Initialize           text8        002DE
__end_of_Receiver_FrameData               text11       00210
__end_of_SYSTEM_Initialize                text3        0031D
__end_of_TMR0_CallBack                    text16       00368
__end_of_TMR0_DefaultInterruptHandler     text17       0038F
__end_of_TMR0_EvenHandler                 text18       00330
__end_of_TMR0_ISR                         text15       002F6
__end_of_TMR0_Initialize                  text6        0030A
__end_of_TMR0_SetInterruptHandler         text7        0038A
__end_of_TMR1_Initialize                  text5        0035B
__end_of_WDT_Initialize                   text4        0038E
__end_of__initialization                  cinit        00031
__end_of_calculate_crc8                   text2        002A8
__end_of_check_CRC8                       text1        00286
__end_of_crc8_table_fixed                 stringtext1  00135
__end_of_main                             maintext     002C4
__initialization                          cinit        00028
__pbssBANK0                               bssBANK0     00020
__pbssCOMMON                              bssCOMMON    0007D
__pcstackBANK0                            cstackBANK0  00041
__pcstackCOMMON                           cstackCOMMON 00070
__pintentry                               intentry     00004
__pmaintext                               maintext     002A8
__pstringtext1                            stringtext1  00035
__ptext1                                  text1        00264
__ptext10                                 text10       00374
__ptext11                                 text11       001BC
__ptext12                                 text12       00210
__ptext13                                 text13       00330
__ptext15                                 text15       002DE
__ptext16                                 text16       0035B
__ptext17                                 text17       0038E
__ptext18                                 text18       0031D
__ptext19                                 text19       0033F
__ptext2                                  text2        00286
__ptext20                                 text20       00135
__ptext3                                  text3        0030A
__ptext4                                  text4        0038A
__ptext5                                  text5        0034E
__ptext6                                  text6        002F6
__ptext7                                  text7        00384
__ptext8                                  text8        002C4
__ptext9                                  text9        00368
_byte_ready                               bssBANK0     00034
_calculate_crc8                           text2        00286
_check_CRC8                               text1        00264
_crc                                      bssBANK0     00031
_crc8_table_fixed                         stringtext1  00035
_fCRC_OK                                  bssBANK0     00030
_fFrame_OK                                bssBANK0     00033
_fSignalFail                              bssBANK0     0002D
_main                                     maintext     002A8
_rx_buf                                   bssCOMMON    0007D
_rx_data                                  bssBANK0     00036
_step                                     bssBANK0     00032
_timer0ReloadVal                          bssBANK0     00035
_timer1ReloadVal                          bssBANK0     00028
btemp                                     (abs)        0007E
calculate_crc8@crc                        cstackBANK0  00044
calculate_crc8@data                       cstackBANK0  00043
calculate_crc8@i                          cstackBANK0  00045
calculate_crc8@length                     cstackBANK0  00041
clear_ram0                                clrtext      0037E
end_of_initialization                     cinit        00031
int$flags                                 (abs)        0007E
intlevel0                                 functab      00000
intlevel1                                 functab      00000
intlevel2                                 functab      00000
intlevel3                                 functab      00000
intlevel4                                 functab      00000
intlevel5                                 functab      00000
reset_vec                                 reset_vec    00000
start                                     init         00026
start_initialization                      cinit        00028
wtemp0                                    (abs)        0007E


MODULE INFORMATION

Module		Function		Class		Link	Load	Size
Receiver_PWM.c
		_ECCP3_CallBack		CODE           	0135	0000	135

Receiver_PWM.c estimated size: 135

mcc_generated_files/interrupt_manager.c
		_INTERRUPT_InterruptManager		CODE           	0004	0000	34

mcc_generated_files/interrupt_manager.c estimated size: 34

mcc_generated_files/tmr0.c
		_TMR0_SetInterruptHandler		CODE           	0384	0000	6
		_TMR0_DefaultInterruptHandler		CODE           	038E	0000	1
		_TMR0_CallBack 		CODE           	035B	0000	13
		_TMR0_ISR      		CODE           	02DE	0000	24
		_TMR0_Initialize		CODE           	02F6	0000	20

mcc_generated_files/tmr0.c estimated size: 64

mcc_generated_files/pin_manager.c
		_PIN_MANAGER_Initialize		CODE           	02C4	0000	26

mcc_generated_files/pin_manager.c estimated size: 26

tundra_crc8.c
		_calculate_crc8		CODE           	0286	0000	34

tundra_crc8.c estimated size: 34

shared
		__initialization		CODE           	0028	0000	9
		_crc8_table_fixed		STRCODE        	0035	0000	256

shared estimated size: 265

mcc_generated_files/mcc.c
		_WDT_Initialize		CODE           	038A	0000	4
		_OSCILLATOR_Initialize		CODE           	0368	0000	12
		_SYSTEM_Initialize		CODE           	030A	0000	19

mcc_generated_files/mcc.c estimated size: 35

mcc_generated_files/tmr1.c
		_TMR1_Initialize		CODE           	034E	0000	13

mcc_generated_files/tmr1.c estimated size: 13

main.c
		_main          		CODE           	02A8	0000	28
		_check_CRC8    		CODE           	0264	0000	34
		_Receiver_FrameData		CODE           	01BC	0000	84
		_LED_output    		CODE           	0210	0000	84
		_CheckSignalFail		CODE           	0330	0000	15
		_TMR0_EvenHandler		CODE           	031D	0000	19

main.c estimated size: 264

mcc_generated_files/eccp3.c
		_ECCP3_CaptureISR		CODE           	033F	0000	15
		_ECCP3_Initialize		CODE           	0374	0000	10

mcc_generated_files/eccp3.c estimated size: 25

